
> away@0.1.0 test
> vitest run

node.exe : [33mThe CJS build of Vite's Node API is deprecated. See 
https://vite.dev/guide/troubleshooting.html#vite-cjs-node-api-deprecated for more details.[39m
In Zeile:1 Zeichen:1
+ & "C:\Program Files\nodejs/node.exe" "C:\Users\Nurzhan Kukeyev\AppDat ...
+ ~~~~~~~~~~~~~~~~~~~~~~~~~~~~~~~~~~~~~~~~~~~~~~~~~~~~~~~~~~~~~~~~~~~~~
    + CategoryInfo          : NotSpecified: ([33mThe CJS bu...e details.[39m:String) [], RemoteException
    + FullyQualifiedErrorId : NativeCommandError
 

[1m[7m[36m RUN [39m[27m[22m [36mv2.1.9 [39m[90mD:/IDEA/Projekt/away[39m

 [32mÔ£ô[39m src/__tests__/config.test.ts[2m > [22mNext.js Configuration[2m > [22mshould have Content-Security-Policy with frame-ancestors
 [32mÔ£ô[39m src/__tests__/config.test.ts[2m > [22mNext.js Configuration[2m > [22mshould have CORS headers configured
 [32mÔ£ô[39m src/lib/__tests__/auth.test.ts[2m > [22mAuth Actions[2m > [22mcompleteInvitationAction[2m > [22mshould be a function
 [32mÔ£ô[39m src/lib/__tests__/auth.test.ts[2m > [22mAuth Actions[2m > [22mcompleteInvitationAction[2m > [22mshould handle successful registration completion
 [32mÔ£ô[39m src/lib/__tests__/auth.test.ts[2m > [22mAuth Actions[2m > [22mcompleteInvitationAction[2m > [22mshould handle errors when completing invitation
 [32mÔ£ô[39m src/lib/__tests__/admin.test.ts[2m > [22mAdministration Actions[2m > [22mgetOrgMembersWithEmails[2m > [22mshould be a function
 [32mÔ£ô[39m src/lib/__tests__/admin.test.ts[2m > [22mAdministration Actions[2m > [22mgetOrgMembersWithEmails[2m > [22mshould handle successful member fetching
 [32mÔ£ô[39m src/lib/__tests__/admin.test.ts[2m > [22mAdministration Actions[2m > [22mgetOrgMembersWithEmails[2m > [22mshould handle errors when fetching members
 [32mÔ£ô[39m src/lib/__tests__/admin.test.ts[2m > [22mAdministration Actions[2m > [22minviteUserToOrg[2m > [22mshould be a function
 [32mÔ£ô[39m src/lib/__tests__/admin.test.ts[2m > [22mAdministration Actions[2m > [22minviteUserToOrg[2m > [22mshould handle successful invitation
 [32mÔ£ô[39m src/lib/__tests__/admin.test.ts[2m > [22mAdministration Actions[2m > [22minviteUserToOrg[2m > [22mshould handle invitation errors
 [32mÔ£ô[39m src/lib/__tests__/config.test.ts[2m > [22mSupabase Config - getSchema[2m > [22mshould prioritize NEXT_PUBLIC_DB_SCHEMA (user explicit)
 [32mÔ£ô[39m src/lib/__tests__/config.test.ts[2m > [22mSupabase Config - getSchema[2m > [22mshould fallback to NEXT_PUBLIC_SCHEMA if DB_SCHEMA is missing
 [32mÔ£ô[39m src/lib/__tests__/config.test.ts[2m > [22mSupabase Config - getSchema[2m > [22mshould use automatic detection for production if vars are missing
 [32mÔ£ô[39m src/lib/__tests__/config.test.ts[2m > [22mSupabase Config - getSchema[2m > [22mshould use automatic detection for preview if vars are missing
 [32mÔ£ô[39m src/lib/__tests__/config.test.ts[2m > [22mSupabase Config - getSchema[2m > [22mshould default to away-dev if no env vars are set
 [31m├ù[39m src/lib/__tests__/userSettings.test.ts[2m > [22muserSettings lib[2m > [22msaveUserSettings[2m > [22mshould update existing settings by merging
[31m   ÔåÆ supabase.from(...).update(...).eq is not a function[39m
 [32mÔ£ô[39m src/lib/__tests__/userSettings.test.ts[2m > [22muserSettings lib[2m > [22msaveUserSettings[2m > [22mshould insert new settings if none exist
 [32mÔ£ô[39m src/lib/__tests__/userSettings.test.ts[2m > [22muserSettings lib[2m > [22mgetUserSettings[2m > [22mshould return combined data with flattened email
 [32mÔ£ô[39m src/lib/__tests__/userSettings.test.ts[2m > [22muserSettings lib[2m > [22mgetUserSettings[2m > [22mshould handle missing organization_id by limiting results
 [31m├ù[39m src/lib/__tests__/admin_lib.test.ts[2m > [22madmin lib - organization settings[2m > [22mupdateOrganizationSettings[2m > [22mshould fetch and merge settings before updating
[31m   ÔåÆ supabase.from(...).update(...).eq is not a function[39m
 [31m├ù[39m src/lib/__tests__/admin_lib.test.ts[2m > [22madmin lib - organization settings[2m > [22mupdateOrganizationSettings[2m > [22mshould throw error if update fails
[31m   ÔåÆ expected [Function] to throw error including 'Update failed' but got 'supabase.from(...).update(...).eq is ÔÇª'[39m
 [32mÔ£ô[39m src/lib/__tests__/admin_lib.test.ts[2m > [22madmin lib - organization settings[2m > [22mgetOrganizationSettings[2m > [22mshould return settings object if found
 [32mÔ£ô[39m src/lib/__tests__/admin_lib.test.ts[2m > [22madmin lib - organization settings[2m > [22mgetOrganizationSettings[2m > [22mshould return empty object if no settings exist
 [32mÔ£ô[39m src/lib/__tests__/admin_lib.test.ts[2m > [22madmin lib - organization settings[2m > [22mgetOrganizationSettings[2m > [22mshould throw error if fetch fails
 [32mÔ£ô[39m src/lib/__tests__/organization.test.ts[2m > [22morganization lib[2m > [22mshould fetch organizations for a user (mocked)
 [32mÔ£ô[39m src/lib/__tests__/organization.test.ts[2m > [22morganization lib[2m > [22mshould fetch a single organization (mocked)
 [32mÔ£ô[39m src/lib/__tests__/organization.test.ts[2m > [22morganization lib[2m > [22mshould create an organization via RPC
 [32mÔ£ô[39m src/lib/__tests__/calendarSync.test.ts[2m > [22mcalendarSync lib[2m > [22mshould throw if userId or orgId is missing
 [32mÔ£ô[39m src/lib/__tests__/calendarSync.test.ts[2m > [22mcalendarSync lib[2m > [22mshould call upsert if valid data provided
 [32mÔ£ô[39m src/lib/__tests__/calendarSync.test.ts[2m > [22mcalendarSync lib[2m > [22mshould return null if userId or orgId is missing in getOAuthSettings
[90mstderr[2m | src/lib/actions/__tests__/adminActions.test.ts[2m > [22m[2minviteUserToOrg Logic[2m > 
[22m[2mshould translate email rate limit error
[22m[39mSupabase Invite Error: { message: [32m'email rate limit exceeded'[39m }

[90mstderr[2m | src/lib/actions/__tests__/adminActions.test.ts[2m > [22m[2minviteUserToOrg Logic[2m > 
[22m[2mshould translate already registered error
[22m[39mSupabase Invite Error: { message: [32m'User already registered'[39m }

 [32mÔ£ô[39m src/lib/actions/__tests__/adminActions.test.ts[2m > [22minviteUserToOrg Logic[2m > [22mshould translate email rate limit error
 [32mÔ£ô[39m src/lib/actions/__tests__/adminActions.test.ts[2m > [22minviteUserToOrg Logic[2m > [22mshould translate already registered error
 [32mÔ£ô[39m src/lib/actions/__tests__/adminActions.test.ts[2m > [22minviteUserToOrg Logic[2m > [22mshould return success on valid invitation
 [32mÔ£ô[39m src/lib/__tests__/template.test.ts[2m > [22mtemplate lib[2m > [22mshould provide a function to upload template
 [32mÔ£ô[39m src/lib/__tests__/template.test.ts[2m > [22mtemplate lib[2m > [22mshould provide a function to get templates for org
 [32mÔ£ô[39m src/lib/__tests__/roles.test.ts[2m > [22mroles utility helpers[2m > [22misAdmin[2m > [22mshould return true for admin role
 [32mÔ£ô[39m src/lib/__tests__/roles.test.ts[2m > [22mroles utility helpers[2m > [22misAdmin[2m > [22mshould return false for other roles
 [32mÔ£ô[39m src/lib/__tests__/roles.test.ts[2m > [22mroles utility helpers[2m > [22misApprover[2m > [22mshould return true for approver and admin roles
 [32mÔ£ô[39m src/lib/__tests__/roles.test.ts[2m > [22mroles utility helpers[2m > [22misApprover[2m > [22mshould return false for employee role
 [32mÔ£ô[39m src/lib/__tests__/roles.test.ts[2m > [22mroles utility helpers[2m > [22mcanApprove[2m > [22mshould return true if user is admin or approver
 [32mÔ£ô[39m src/lib/__tests__/roles.test.ts[2m > [22mroles utility helpers[2m > [22mcanApprove[2m > [22mshould return false for employee
 [32mÔ£ô[39m src/lib/__tests__/roles.test.ts[2m > [22mroles utility helpers[2m > [22mcanManageUsers[2m > [22mshould only return true for admin
 [32mÔ£ô[39m src/lib/__tests__/roles.test.ts[2m > [22mroles utility helpers[2m > [22mconstants[2m > [22mshould have correct labels
 [32mÔ£ô[39m src/lib/__tests__/roles.test.ts[2m > [22mroles utility helpers[2m > [22mconstants[2m > [22mshould have defined colors
 [32mÔ£ô[39m src/lib/__tests__/vacation.test.ts[2m > [22mvacation lib[2m > [22mshould provide a function to create vacation request
 [32mÔ£ô[39m src/lib/__tests__/vacation.test.ts[2m > [22mvacation lib[2m > [22mshould provide a function to get vacation requests for org
 [32mÔ£ô[39m src/lib/__tests__/formatters.test.ts[2m > [22mrenderFieldValue[2m > [22mshould return null for null or undefined
 [32mÔ£ô[39m src/lib/__tests__/formatters.test.ts[2m > [22mrenderFieldValue[2m > [22mshould render basic strings and numbers
 [32mÔ£ô[39m src/lib/__tests__/formatters.test.ts[2m > [22mrenderFieldValue[2m > [22mshould render booleans as Ja/Nein
 [32mÔ£ô[39m src/lib/__tests__/formatters.test.ts[2m > [22mrenderFieldValue[2m > [22mshould render single objects with a label
 [32mÔ£ô[39m src/lib/__tests__/formatters.test.ts[2m > [22mrenderFieldValue[2m > [22mshould render arrays of checked items
 [32mÔ£ô[39m src/lib/__tests__/formatters.test.ts[2m > [22mrenderFieldValue[2m > [22mshould return null for arrays with no checked items
 [32mÔ£ô[39m src/lib/__tests__/formatters.test.ts[2m > [22mrenderFieldValue[2m > [22mshould format ISO date strings
 [32mÔ£ô[39m src/lib/__tests__/formatters.test.ts[2m > [22mrenderFieldValue[2m > [22mshould handle non-standard objects gracefully

[31mÔÄ»ÔÄ»ÔÄ»ÔÄ»ÔÄ»ÔÄ»ÔÄ»[1m[7m Failed Tests 3 [27m[22mÔÄ»ÔÄ»ÔÄ»ÔÄ»ÔÄ»ÔÄ»ÔÄ»[39m

[31m[1m[7m FAIL [27m[22m[39m src/lib/__tests__/admin_lib.test.ts[2m > [22madmin lib - organization 
settings[2m > [22mupdateOrganizationSettings[2m > [22mshould fetch and merge settings before updating
[31m[1mTypeError[22m: supabase.from(...).update(...).eq is not a function[39m
[36m [2mÔØ»[22m Module.updateOrganizationSettings src/lib/admin.ts:[2m29:6[22m[39m
    [90m 27| [39m    [33m.[39m[35mfrom[39m([32m'organizations'[39m)
    [90m 28| [39m    [33m.[39m[34mupdate[39m({ settings[33m:[39m newSettings })
    [90m 29| [39m    [33m.[39m[34meq[39m([32m'id'[39m[33m,[39m orgId)[33m;[39m
    [90m   | [39m     [31m^[39m
    [90m 30| [39m
    [90m 31| [39m  [35mif[39m (updateError) [35mthrow[39m updateError[33m;[39m
[90m [2mÔØ»[22m src/lib/__tests__/admin_lib.test.ts:[2m32:22[22m[39m

[31m[2mÔÄ»ÔÄ»ÔÄ»ÔÄ»ÔÄ»ÔÄ»ÔÄ»ÔÄ»ÔÄ»ÔÄ»ÔÄ»ÔÄ»ÔÄ»ÔÄ»ÔÄ»ÔÄ»ÔÄ»ÔÄ»ÔÄ»ÔÄ»ÔÄ»ÔÄ»ÔÄ»ÔÄ»[1/3]ÔÄ»[22m[39m

[31m[1m[7m FAIL [27m[22m[39m src/lib/__tests__/admin_lib.test.ts[2m > [22madmin lib - organization 
settings[2m > [22mupdateOrganizationSettings[2m > [22mshould throw error if update fails
[31m[1mAssertionError[22m: expected [Function] to throw error including 'Update failed' but got 
'supabase.from(...).update(...).eq is ÔÇª'[39m

Expected: [32m"Update failed"[39m
Received: [31m"supabase.from(...).update(...).eq is not a function"[39m

[36m [2mÔØ»[22m src/lib/__tests__/admin_lib.test.ts:[2m44:7[22m[39m
    [90m 42| [39m      mockSupabase[33m.[39mupdate[33m.[39m[34mmockResolvedValueOnce[39m({ 
error[33m:[39m [35mnew[39m [33mError[39m([32m'Up[39mÔÇª
    [90m 43| [39m
    [90m 44| [39m      [35mawait[39m 
[34mexpect[39m([34mupdateOrganizationSettings[39m([32m'org-123'[39m[33m,[39m {}))
    [90m   | [39m      [31m^[39m
    [90m 45| [39m        [33m.[39mrejects[33m.[39m[34mtoThrow[39m([32m'Update failed'[39m)[33m;[39m
    [90m 46| [39m    })[33m;[39m

[31m[2mÔÄ»ÔÄ»ÔÄ»ÔÄ»ÔÄ»ÔÄ»ÔÄ»ÔÄ»ÔÄ»ÔÄ»ÔÄ»ÔÄ»ÔÄ»ÔÄ»ÔÄ»ÔÄ»ÔÄ»ÔÄ»ÔÄ»ÔÄ»ÔÄ»ÔÄ»ÔÄ»ÔÄ»[2/3]ÔÄ»[22m[39m

[31m[1m[7m FAIL [27m[22m[39m src/lib/__tests__/userSettings.test.ts[2m > [22muserSettings lib[2m > 
[22msaveUserSettings[2m > [22mshould update existing settings by merging
[31m[1mTypeError[22m: supabase.from(...).update(...).eq is not a function[39m
[36m [2mÔØ»[22m Module.saveUserSettings src/lib/userSettings.ts:[2m25:8[22m[39m
    [90m 23| [39m      [33m.[39m[35mfrom[39m([32m'user_settings'[39m)
    [90m 24| [39m      [33m.[39m[34mupdate[39m({ settings[33m:[39m newSettings })
    [90m 25| [39m      [33m.[39m[34meq[39m([32m'id'[39m[33m,[39m existing[33m.[39mid)[33m;[39m
    [90m   | [39m       [31m^[39m
    [90m 26| [39m  } [35melse[39m {
    [90m 27| [39m    result [33m=[39m [35mawait[39m supabase
[90m [2mÔØ»[22m src/lib/__tests__/userSettings.test.ts:[2m34:7[22m[39m

[31m[2mÔÄ»ÔÄ»ÔÄ»ÔÄ»ÔÄ»ÔÄ»ÔÄ»ÔÄ»ÔÄ»ÔÄ»ÔÄ»ÔÄ»ÔÄ»ÔÄ»ÔÄ»ÔÄ»ÔÄ»ÔÄ»ÔÄ»ÔÄ»ÔÄ»ÔÄ»ÔÄ»ÔÄ»[3/3]ÔÄ»[22m[39m

[2m Test Files [22m [1m[31m2 failed[39m[22m[2m | [22m[1m[32m11 passed[39m[22m[90m (13)[39m
[2m      Tests [22m [1m[31m3 failed[39m[22m[2m | [22m[1m[32m52 passed[39m[22m[90m (55)[39m
[2m   Start at [22m 19:42:34
[2m   Duration [22m 1.57s[2m (transform 2.18s, setup 0ms, collect 3.70s, tests 80ms, environment 3ms, prepare 3.38s)[22m

